src/controllers/message.controller.ts(13,9): error TS2783: 'message' is specified more than once, so this usage will be overwritten.
src/services/message.service.ts(34,9): error TS2769: No overload matches this call.
  The last overload gave the following error.
    Type 'string | null' is not assignable to type 'StringQueryTypeCasting | { readonly schemaName?: "ObjectId" | undefined; auto?: ((turnOn: boolean) => ObjectId) | undefined; $conditionalHandlers?: { ...; } | undefined; ... 23 more ...; validateAll?: ((validators: (RegExp | ... 1 more ... | ValidatorFunction<...>)[]) => ObjectId) | undefined; } | undefined'.
      Type 'null' is not assignable to type 'StringQueryTypeCasting | { readonly schemaName?: "ObjectId" | undefined; auto?: ((turnOn: boolean) => ObjectId) | undefined; $conditionalHandlers?: { ...; } | undefined; ... 23 more ...; validateAll?: ((validators: (RegExp | ... 1 more ... | ValidatorFunction<...>)[]) => ObjectId) | undefined; } | undefined'.
src/services/message.service.ts(36,22): error TS2339: Property 'populate' does not exist on type 'never'.
